[
  [
    "-push-notification.$domain=~github.com",
    [
      560487
    ]
  ],
  [
    "-push-notification/$domain=~github.com",
    [
      560488
    ]
  ],
  [
    "/accusmartwebpush-fire-push-public.js",
    [
      560489
    ]
  ],
  [
    "/al-fb-notification/assets/scripts/al-main-script.js",
    [
      560490
    ]
  ],
  [
    "/amp-user-notification-",
    [
      560491
    ]
  ],
  [
    "/amp-web-push-0.1.js",
    [
      560492
    ]
  ],
  [
    "/assets/www/notification.",
    [
      560493
    ]
  ],
  [
    "/build/push.js",
    [
      560494
    ]
  ],
  [
    "/checkPush.js",
    [
      560495
    ]
  ],
  [
    "/content/js/push.js",
    [
      560496
    ]
  ],
  [
    "/fcmPush.js",
    [
      560497
    ]
  ],
  [
    "/FeedifySW.js",
    [
      560498
    ]
  ],
  [
    "/flying_push.js",
    [
      560499
    ]
  ],
  [
    "/ilabspush.min.js",
    [
      560500
    ]
  ],
  [
    "/inpl.webpush.js",
    [
      560501
    ]
  ],
  [
    "/jquery-notification.js",
    [
      560502
    ]
  ],
  [
    "/jsb/pushnotifications?",
    [
      560503
    ]
  ],
  [
    "/list_notificaciones.php",
    [
      560504
    ]
  ],
  [
    "/maximizly-push.js",
    [
      560505
    ]
  ],
  [
    "/modules/notifications.$domain=~forum.vivaldi.net",
    [
      560506
    ]
  ],
  [
    "/mp-web-notification.js",
    [
      560507
    ]
  ],
  [
    "/notification-prod-sw.js",
    [
      560508
    ]
  ],
  [
    "/notification-sw.js",
    [
      560509
    ]
  ],
  [
    "/notification/notify.js",
    [
      560510
    ]
  ],
  [
    "/notifyme.js",
    [
      560511
    ]
  ],
  [
    "/notifyme.min.js",
    [
      560512
    ]
  ],
  [
    "/one-signal.js",
    [
      560513
    ]
  ],
  [
    "/one-signal.min.js",
    [
      560514
    ]
  ],
  [
    "/onesignal.js",
    [
      560515
    ]
  ],
  [
    "/onesignal.min.",
    [
      560516
    ]
  ],
  [
    "/onesignal/manifest.",
    [
      560517
    ]
  ],
  [
    "/onesignalfix.js",
    [
      560518
    ]
  ],
  [
    "/OneSignalSDKUpdaterWorker.js",
    [
      560519
    ]
  ],
  [
    "/OneSignalSDKWorker.js",
    [
      560520
    ]
  ],
  [
    "/perfecty-push-sdk.min.js",
    [
      560521
    ]
  ],
  [
    "/plugins/tfnotifier-wp/swloader.php",
    [
      560522
    ]
  ],
  [
    "/push-notification.js",
    [
      560523
    ]
  ],
  [
    "/push-notification.min.js",
    [
      560524
    ]
  ],
  [
    "/push-notification/*$domain=~upwork.com",
    [
      560525
    ]
  ],
  [
    "/push-notifications.$~stylesheet",
    [
      560526
    ]
  ],
  [
    "/push-notifications/*",
    [
      560527
    ]
  ],
  [
    "/push-notifications?",
    [
      560528
    ]
  ],
  [
    "/push-sw.js",
    [
      560529
    ]
  ],
  [
    "/push-worker-$script",
    [
      560530
    ]
  ],
  [
    "/push-wrap.js",
    [
      560531
    ]
  ],
  [
    "/push/sbscr.js",
    [
      560532
    ]
  ],
  [
    "/push/sbscrp.js",
    [
      560533
    ]
  ],
  [
    "/push/subscribe.js",
    [
      560534
    ]
  ],
  [
    "/push_app.js",
    [
      560535
    ]
  ],
  [
    "/push_notification.js",
    [
      560536
    ]
  ],
  [
    "/push_notification.min.js",
    [
      560537
    ]
  ],
  [
    "/push_notification/*",
    [
      560538
    ]
  ],
  [
    "/push_notifications.js",
    [
      560539
    ]
  ],
  [
    "/push_subscription.js",
    [
      560540
    ]
  ],
  [
    "/pushes/firebase.js",
    [
      560541
    ]
  ],
  [
    "/pushes/notification.js",
    [
      560542
    ]
  ],
  [
    "/PushexSDK.js",
    [
      560543
    ]
  ],
  [
    "/pushly-sdk.min.js",
    [
      560544
    ]
  ],
  [
    "/pushNotification.js",
    [
      560545
    ]
  ],
  [
    "/pushNotifications.js",
    [
      560546
    ]
  ],
  [
    "/pushnotifications/*",
    [
      560547
    ]
  ],
  [
    "/pushNotificationSdkJS.js",
    [
      560548
    ]
  ],
  [
    "/pushpro-lib.js",
    [
      560549
    ]
  ],
  [
    "/pushsubscribe.js",
    [
      560550
    ]
  ],
  [
    "/pushup-notification/push-app.js",
    [
      560551
    ]
  ],
  [
    "/pushup-notification/push-messaging.js",
    [
      560552
    ]
  ],
  [
    "/pushv2.js",
    [
      560553
    ]
  ],
  [
    "/pushwoosh-service-worker.js",
    [
      560554
    ]
  ],
  [
    "/pushwoosh-web-notifications.js",
    [
      560555
    ]
  ],
  [
    "/pushwoosh-web-pushes-http-sdk.js",
    [
      560556
    ]
  ],
  [
    "/pushy-ver.js",
    [
      560557
    ]
  ],
  [
    "/scripts/onesignal.js",
    [
      560558
    ]
  ],
  [
    "/site-notification-desk.min.js",
    [
      560559
    ]
  ],
  [
    "/smio-push-notification/js/frontend_webpush.js",
    [
      560560
    ]
  ],
  [
    "/subscribe-push-notifications.js",
    [
      560561
    ]
  ],
  [
    "/web-push-notifications.js",
    [
      560562
    ]
  ],
  [
    "/web-push.js",
    [
      560563
    ]
  ],
  [
    "/web-push/init.min.js",
    [
      560564
    ]
  ],
  [
    "/webalert-notification.js",
    [
      560565
    ]
  ],
  [
    "/webnotf.js",
    [
      560566
    ]
  ],
  [
    "/webnotification.js",
    [
      560567
    ]
  ],
  [
    "/webpush-production.js",
    [
      560568
    ]
  ],
  [
    "/webpush.js",
    [
      560569
    ]
  ],
  [
    "/webpush.min.js",
    [
      560570
    ]
  ],
  [
    "/webpush_register.php",
    [
      560571
    ]
  ],
  [
    "/webPushNotifications.js",
    [
      560572
    ]
  ],
  [
    "/wonderpush-loader.min.js",
    [
      560573
    ]
  ],
  [
    "/wonderpush.js",
    [
      560574
    ]
  ],
  [
    "/wonderpush.min.js",
    [
      560575
    ]
  ],
  [
    "/wordpress-fire-push-public.js",
    [
      560576
    ]
  ],
  [
    "/wp-notification-bars-public.js",
    [
      560577
    ]
  ],
  [
    "/app-banner/*$xmlhttprequest",
    [
      560578
    ]
  ],
  [
    "/jquery.androidbanner.js",
    [
      560579
    ]
  ],
  [
    "/js-mobile-*/header_$script",
    [
      560580
    ]
  ],
  [
    "/js/jquery.smartbanner.js|",
    [
      560581
    ]
  ],
  [
    "/js/jquery.smartbanner.min.js|",
    [
      560582
    ]
  ],
  [
    "/mobile-welcome-overlay/*$script",
    [
      560583
    ]
  ],
  [
    "/smart-app-banner.js",
    [
      560584
    ]
  ],
  [
    "||api-push.com^$third-party",
    [
      560585
    ]
  ],
  [
    "||bildirnet.com^$third-party",
    [
      560586
    ]
  ],
  [
    "||braze.com^$third-party",
    [
      560587
    ]
  ],
  [
    "||cappushino.com^$third-party",
    [
      560588
    ]
  ],
  [
    "||cdn.qgr.ph^$third-party",
    [
      560589
    ]
  ],
  [
    "||cdn.qgraph.io^$third-party",
    [
      560590
    ]
  ],
  [
    "||centrnotify.com^$third-party",
    [
      560591
    ]
  ],
  [
    "||checke.biz^$third-party",
    [
      560592
    ]
  ],
  [
    "||confirmit.com^$third-party",
    [
      560593
    ]
  ],
  [
    "||conforama-push.com^$third-party",
    [
      560594
    ]
  ],
  [
    "||contentsitesrv.com/js/push/$third-party",
    [
      560595
    ]
  ],
  [
    "||css.xjsx.lol^$third-party",
    [
      560596
    ]
  ],
  [
    "||digipush.io^$third-party",
    [
      560597
    ]
  ],
  [
    "||dpns-notifications.com^$third-party",
    [
      560598
    ]
  ],
  [
    "||easyfeeed.com^$third-party",
    [
      560599
    ]
  ],
  [
    "||evolok.net^$third-party",
    [
      560600
    ]
  ],
  [
    "||farteniuson.com^$third-party",
    [
      560601
    ]
  ],
  [
    "||getnotification.me^$third-party",
    [
      560602
    ]
  ],
  [
    "||irpush.com^$third-party",
    [
      560603
    ]
  ],
  [
    "||jubi.ai/buttonbot/$script,third-party",
    [
      560604
    ]
  ],
  [
    "||krakenoptimize.com^$third-party",
    [
      560605
    ]
  ],
  [
    "||luravius.com^$third-party",
    [
      560606
    ]
  ],
  [
    "||medallia.com^*/onsite/embed.js",
    [
      560607
    ]
  ],
  [
    "||neopush.io^$third-party",
    [
      560608
    ]
  ],
  [
    "||news2day.me^$third-party",
    [
      560609
    ]
  ],
  [
    "||newsmemory.com/?meter",
    [
      560610
    ]
  ],
  [
    "||notification-time.com^$third-party",
    [
      560611
    ]
  ],
  [
    "||notification.tubecup.net^",
    [
      560612
    ]
  ],
  [
    "||notifications.ltd^$third-party",
    [
      560613
    ]
  ],
  [
    "||notifstation.com^$third-party",
    [
      560614
    ]
  ],
  [
    "||notix.io^$third-party",
    [
      560615
    ]
  ],
  [
    "||ntvsw.com^$third-party",
    [
      560616
    ]
  ],
  [
    "||partishion.com^$third-party",
    [
      560617
    ]
  ],
  [
    "||pathlime.com^$third-party",
    [
      560618
    ]
  ],
  [
    "||popmechanic.ru^$third-party",
    [
      560619
    ]
  ],
  [
    "||propush.net^$third-party",
    [
      560620
    ]
  ],
  [
    "||pt.appirits.com^$third-party",
    [
      560621
    ]
  ],
  [
    "||puscomosca.com^$third-party",
    [
      560622
    ]
  ],
  [
    "||push-centr.com^$third-party",
    [
      560623
    ]
  ],
  [
    "||push-centr.net^$third-party",
    [
      560624
    ]
  ],
  [
    "||push-engage.com^$third-party",
    [
      560625
    ]
  ],
  [
    "||push-notifications.top^$third-party",
    [
      560626
    ]
  ],
  [
    "||push-pro.net^$third-party",
    [
      560627
    ]
  ],
  [
    "||push.bytesignal.com^",
    [
      560628
    ]
  ],
  [
    "||push.daksham.in^$third-party",
    [
      560629
    ]
  ],
  [
    "||push.delivery.ethinking.de^",
    [
      560630
    ]
  ],
  [
    "||push.delivery^$third-party",
    [
      560631
    ]
  ],
  [
    "||push.esputnik.com^",
    [
      560632
    ]
  ],
  [
    "||push.getbeamer.com^",
    [
      560633
    ]
  ],
  [
    "||push.knd.ro^",
    [
      560634
    ]
  ],
  [
    "||push.newscraft.io^",
    [
      560635
    ]
  ],
  [
    "||push.reamaze.com^",
    [
      560636
    ]
  ],
  [
    "||push.rollout.io^$third-party",
    [
      560637
    ]
  ],
  [
    "||push.world^$third-party",
    [
      560638
    ]
  ],
  [
    "||pushaddict.com^$third-party",
    [
      560639
    ]
  ],
  [
    "||pushango.com^$third-party",
    [
      560640
    ]
  ],
  [
    "||pushassist.com^$third-party",
    [
      560641
    ]
  ],
  [
    "||pushaya.com^$third-party",
    [
      560642
    ]
  ],
  [
    "||pushbaza.com^$third-party",
    [
      560643
    ]
  ],
  [
    "||pushbots.com^$third-party",
    [
      560644
    ]
  ],
  [
    "||pushbox.info^$third-party",
    [
      560645
    ]
  ],
  [
    "||pushcentr.com^$third-party",
    [
      560646
    ]
  ],
  [
    "||pushchev.info^$third-party",
    [
      560647
    ]
  ],
  [
    "||pushcrew.com^$third-party",
    [
      560648
    ]
  ],
  [
    "||pushdealer.com^$third-party",
    [
      560649
    ]
  ],
  [
    "||pushe.co^$third-party",
    [
      560650
    ]
  ],
  [
    "||pusherapp.com^$third-party",
    [
      560651
    ]
  ],
  [
    "||pushinpage.com^$third-party",
    [
      560652
    ]
  ],
  [
    "||pushinstruments.com^$third-party",
    [
      560653
    ]
  ],
  [
    "||pushio.com^$third-party",
    [
      560654
    ]
  ],
  [
    "||pushjunky.com^$third-party",
    [
      560655
    ]
  ],
  [
    "||pushkahouse.com^$third-party",
    [
      560656
    ]
  ],
  [
    "||pushkaplus.com^$third-party",
    [
      560657
    ]
  ],
  [
    "||pushly.com^$third-party",
    [
      560658
    ]
  ],
  [
    "||pushmaster-cdn.xyz^$third-party",
    [
      560659
    ]
  ],
  [
    "||pushmejs.com^$third-party",
    [
      560660
    ]
  ],
  [
    "||pushnews.eu^$third-party",
    [
      560661
    ]
  ],
  [
    "||pushnotifications.click^$third-party",
    [
      560662
    ]
  ],
  [
    "||pushouse.com^$third-party",
    [
      560663
    ]
  ],
  [
    "||pushowl.com^$third-party",
    [
      560664
    ]
  ],
  [
    "||pushpad.xyz^$third-party",
    [
      560665
    ]
  ],
  [
    "||pushpanda.io^$third-party",
    [
      560666
    ]
  ],
  [
    "||pushpro.io^$third-party",
    [
      560667
    ]
  ],
  [
    "||pushprofit.ru^$third-party",
    [
      560668
    ]
  ],
  [
    "||pushprospush.com^$third-party",
    [
      560669
    ]
  ],
  [
    "||pushpushgo.com^$third-party",
    [
      560670
    ]
  ],
  [
    "||pushstack.it^$third-party",
    [
      560671
    ]
  ],
  [
    "||pushtide.com^$third-party",
    [
      560672
    ]
  ],
  [
    "||pushvip.ru^$third-party",
    [
      560673
    ]
  ],
  [
    "||pushwhy.com^$third-party",
    [
      560674
    ]
  ],
  [
    "||pushy.ai^$third-party",
    [
      560675
    ]
  ],
  [
    "||quarepush.com^$third-party",
    [
      560676
    ]
  ],
  [
    "||quaruzon.com^$third-party",
    [
      560677
    ]
  ],
  [
    "||realpush.media^$third-party",
    [
      560678
    ]
  ],
  [
    "||realpush.network^$third-party",
    [
      560679
    ]
  ],
  [
    "||revpusher.com^$third-party",
    [
      560680
    ]
  ],
  [
    "||sckxppzdm.com^$third-party",
    [
      560681
    ]
  ],
  [
    "||signaly.co^$third-party",
    [
      560682
    ]
  ],
  [
    "||snrcdn.net^$third-party",
    [
      560683
    ]
  ],
  [
    "||spacepush.ru^$third-party",
    [
      560684
    ]
  ],
  [
    "||system-notify.app^$third-party",
    [
      560685
    ]
  ],
  [
    "||topswp.com^$third-party",
    [
      560686
    ]
  ],
  [
    "||unative.com^$third-party",
    [
      560687
    ]
  ],
  [
    "||viafoura.net/push_handlers.js",
    [
      560688
    ]
  ],
  [
    "||virtualpushplatform.com^$third-party",
    [
      560689
    ]
  ],
  [
    "||webpush.jp^$third-party",
    [
      560690
    ]
  ],
  [
    "||webpushr.com^$third-party",
    [
      560691
    ]
  ],
  [
    "||webpushs.com^$third-party",
    [
      560692
    ]
  ],
  [
    "||whitepush.biz^$third-party",
    [
      560693
    ]
  ],
  [
    "||worldpush.co^$third-party",
    [
      560694
    ]
  ],
  [
    "||wps.relateddigital.com^$third-party",
    [
      560695
    ]
  ],
  [
    "||wpush.biz^$third-party",
    [
      560696
    ]
  ],
  [
    "||wpushsdk.com^$third-party",
    [
      560697
    ]
  ],
  [
    "||xedo.me^$third-party",
    [
      560698
    ]
  ],
  [
    "||youlead.pl/webpushprompt.js",
    [
      560699
    ]
  ],
  [
    "||accengage.net^$third-party",
    [
      560700
    ]
  ],
  [
    "||actirinius.com^$third-party",
    [
      560701
    ]
  ],
  [
    "||aimtell.com^$third-party",
    [
      560702
    ]
  ],
  [
    "||alertme.news^$third-party",
    [
      560703
    ]
  ],
  [
    "||amazonaws.com/cdn.aimtell.com/",
    [
      560704
    ]
  ],
  [
    "||aswpsdkeu.com^$third-party",
    [
      560705
    ]
  ],
  [
    "||aswpsdkus.com^$third-party",
    [
      560706
    ]
  ],
  [
    "||bildirt.com^$third-party",
    [
      560707
    ]
  ],
  [
    "||bosspush.com^$third-party",
    [
      560708
    ]
  ],
  [
    "||browserpusher.com^$third-party",
    [
      560709
    ]
  ],
  [
    "||cdn-sitegainer.com^$third-party",
    [
      560710
    ]
  ],
  [
    "||cleverpush.com^$third-party",
    [
      560711
    ]
  ],
  [
    "||copush.com^$third-party",
    [
      560712
    ]
  ],
  [
    "||cracataum.com^$third-party",
    [
      560713
    ]
  ],
  [
    "||danorenius.com^$third-party",
    [
      560714
    ]
  ],
  [
    "||digitalpush.org^$third-party",
    [
      560715
    ]
  ],
  [
    "||edrone.me^$third-party",
    [
      560716
    ]
  ],
  [
    "||face-push.com^$third-party",
    [
      560717
    ]
  ],
  [
    "||feedify.net^$third-party",
    [
      560718
    ]
  ],
  [
    "||feraciumus.com^$third-party",
    [
      560719
    ]
  ],
  [
    "||fernomius.com^$third-party",
    [
      560720
    ]
  ],
  [
    "||fkondate.com^$third-party",
    [
      560721
    ]
  ],
  [
    "||foxpush.com^$third-party",
    [
      560722
    ]
  ],
  [
    "||foxpush.net^$third-party",
    [
      560723
    ]
  ],
  [
    "||getback.ch^$third-party",
    [
      560724
    ]
  ],
  [
    "||getpush.net^$third-party",
    [
      560725
    ]
  ],
  [
    "||getpushmonkey.com^$third-party",
    [
      560726
    ]
  ],
  [
    "||gravitec.net^$third-party",
    [
      560727
    ]
  ],
  [
    "||heroesdom.com^$third-party",
    [
      560728
    ]
  ],
  [
    "||jeeng.com^$third-party",
    [
      560729
    ]
  ],
  [
    "||kattepush.com^$third-party",
    [
      560730
    ]
  ],
  [
    "||master-push.com^$third-party",
    [
      560731
    ]
  ],
  [
    "||master-push.net^$third-party",
    [
      560732
    ]
  ],
  [
    "||misrepush.com^$third-party",
    [
      560733
    ]
  ],
  [
    "||moengage.com^$third-party",
    [
      560734
    ]
  ],
  [
    "||mp3vizor.com^$third-party",
    [
      560735
    ]
  ],
  [
    "||najva.com^$third-party",
    [
      560736
    ]
  ],
  [
    "||nativesubscribe.pro^$third-party",
    [
      560737
    ]
  ],
  [
    "||notifadz.com^$third-party",
    [
      560738
    ]
  ],
  [
    "||notifpush.com^$third-party",
    [
      560739
    ]
  ],
  [
    "||notify.solutions^$third-party",
    [
      560740
    ]
  ],
  [
    "||olgtex.com^$third-party",
    [
      560741
    ]
  ],
  [
    "||on-push.com^$third-party",
    [
      560742
    ]
  ],
  [
    "||onepush.app^$third-party",
    [
      560743
    ]
  ],
  [
    "||provesrc.com^$third-party",
    [
      560744
    ]
  ],
  [
    "||psh.one^$third-party",
    [
      560745
    ]
  ],
  [
    "||push-ad.com^$third-party",
    [
      560746
    ]
  ],
  [
    "||push-free.com^$third-party",
    [
      560747
    ]
  ],
  [
    "||push-house.net^$third-party",
    [
      560748
    ]
  ],
  [
    "||pushalert.co^$third-party",
    [
      560749
    ]
  ],
  [
    "||pushbird.com^$third-party",
    [
      560750
    ]
  ],
  [
    "||pushbullet.com^$third-party",
    [
      560751
    ]
  ],
  [
    "||pushengage.com^$third-party",
    [
      560752
    ]
  ],
  [
    "||pushex.io^$third-party",
    [
      560753
    ]
  ],
  [
    "||pushible.com^$third-party",
    [
      560754
    ]
  ],
  [
    "||pushify.com^$third-party",
    [
      560755
    ]
  ],
  [
    "||pushwoosh.com^$third-party",
    [
      560756
    ]
  ],
  [
    "||reprocautious.com^$third-party",
    [
      560757
    ]
  ],
  [
    "||sendpulse.com^$third-party",
    [
      560758
    ]
  ],
  [
    "||setrowid.com^$third-party",
    [
      560759
    ]
  ],
  [
    "||shroughtened.com^$third-party",
    [
      560760
    ]
  ],
  [
    "||sm-epsilon.com^$third-party",
    [
      560761
    ]
  ],
  [
    "||snd.tc^$third-party",
    [
      560762
    ]
  ],
  [
    "||subscribers.com^$third-party",
    [
      560763
    ]
  ],
  [
    "||truenat.bid^$third-party",
    [
      560764
    ]
  ],
  [
    "||truepush.com^$third-party",
    [
      560765
    ]
  ],
  [
    "||urbanairship.com^$third-party",
    [
      560766
    ]
  ],
  [
    "||viapush.com^$third-party",
    [
      560767
    ]
  ],
  [
    "||webpu.sh^$third-party",
    [
      560768
    ]
  ],
  [
    "||whiteclick.biz^$third-party",
    [
      560769
    ]
  ],
  [
    "||wnpbdan.bid^$third-party",
    [
      560770
    ]
  ],
  [
    "||wonderpush.com^$third-party",
    [
      560771
    ]
  ],
  [
    "||wwclicknews.club^$third-party",
    [
      560772
    ]
  ],
  [
    "||wwclicktm.club^$third-party",
    [
      560773
    ]
  ],
  [
    "||xtremepush.com^$third-party",
    [
      560774
    ]
  ],
  [
    "||app.adjust.net.in/smart_banner",
    [
      560775
    ]
  ],
  [
    "||mobi24.net^$third-party",
    [
      560776
    ]
  ],
  [
    "/firebase-messaging.js$script,domain=tribunnews.com",
    [
      560777
    ]
  ],
  [
    "||9to5terminal.com/push.js",
    [
      560778
    ]
  ],
  [
    "||abendpoint.com/dist/js/push.js",
    [
      560779
    ]
  ],
  [
    "||alerts.ndtv.com^",
    [
      560780
    ]
  ],
  [
    "||alerts.thedailystar.net^",
    [
      560781
    ]
  ],
  [
    "||alibaba.com/sw.js",
    [
      560782
    ]
  ],
  [
    "||annahar.com/assets/js/notifications.js",
    [
      560783
    ]
  ],
  [
    "||astian.org/?push_notification_sw",
    [
      560784
    ]
  ],
  [
    "||bdstatic.com/linksubmit/push.js",
    [
      560785
    ]
  ],
  [
    "||bigbangnews.com/sw.js",
    [
      560786
    ]
  ],
  [
    "||dailymail.co.uk/api/web-push-notification/",
    [
      560787
    ]
  ],
  [
    "||gadgetsnow.com/sw.cms",
    [
      560788
    ]
  ],
  [
    "||gstatic.com/firebasejs/$domain=joins.com",
    [
      560789
    ]
  ],
  [
    "||hindustantimes.com/messaging-sw.js",
    [
      560790
    ]
  ],
  [
    "||hindustantimes.com/sw.js",
    [
      560791
    ]
  ],
  [
    "||hindustantimes.com^*/ht-notification-",
    [
      560792
    ]
  ],
  [
    "||hulkprod.anm.co.uk/api/web-push-notification/",
    [
      560793
    ]
  ],
  [
    "||imyfone.com/*/notification/$script",
    [
      560794
    ]
  ],
  [
    "||indiatimes.com/pn/",
    [
      560795
    ]
  ],
  [
    "||iol.co.za/sw.js",
    [
      560796
    ]
  ],
  [
    "||kogan.com/sw.js",
    [
      560797
    ]
  ],
  [
    "||latestdeals.co.uk/sw.js",
    [
      560798
    ]
  ],
  [
    "||msn.com/bundles/v1/homePage/latest/experiences_conditional-banner",
    [
      560799
    ]
  ],
  [
    "||ndtv.com/js/breaking_pushalert_revised.js",
    [
      560800
    ]
  ],
  [
    "||ndtv.com/sw.js",
    [
      560801
    ]
  ],
  [
    "||newsukraine.rbc.ua/sworker.js",
    [
      560802
    ]
  ],
  [
    "||nookazon.com/firebase-messaging-sw.js",
    [
      560803
    ]
  ],
  [
    "||notify.hindustantimes.com^",
    [
      560804
    ]
  ],
  [
    "||phys.org/push-sw.js",
    [
      560805
    ]
  ],
  [
    "||push.cnnindonesia.com^",
    [
      560806
    ]
  ],
  [
    "||push.ictsd.org^",
    [
      560807
    ]
  ],
  [
    "||renaultsport.com/spip.php?page=sw.js",
    [
      560808
    ]
  ],
  [
    "||rottentomatoes.com/service-worker/sw.js",
    [
      560809
    ]
  ],
  [
    "||rt.com/homescreen-sw.js",
    [
      560810
    ]
  ],
  [
    "||sammobile.com/wp-content/plugins/sam-push-notifications/",
    [
      560811
    ]
  ],
  [
    "||scmp.com/sw.js",
    [
      560812
    ]
  ],
  [
    "||seattletimes.com/wp-content/plugins/st-user-messaging/$script",
    [
      560813
    ]
  ],
  [
    "||sportskeeda.com/js/production/web-notifications/",
    [
      560814
    ]
  ],
  [
    "||techwalla.com/push-service-worker.js",
    [
      560815
    ]
  ],
  [
    "||telegraphindia.com/akam-sw.js",
    [
      560816
    ]
  ],
  [
    "||timesnownews.com/sw.js",
    [
      560817
    ]
  ],
  [
    "||ultimedia.com/js/common/notification.js",
    [
      560818
    ]
  ],
  [
    "||weather.com/*.MedalliaSurvey.",
    [
      560819
    ]
  ],
  [
    "||0564.ua/assets/d6ade384/js/alertsWidget.js",
    [
      560820
    ]
  ],
  [
    "||ad-hoc-news.de/js/push.js",
    [
      560821
    ]
  ],
  [
    "||agazeta.com.br/assets/javascript/notification.js",
    [
      560822
    ]
  ],
  [
    "||cnnindonesia.com/sw.js",
    [
      560823
    ]
  ],
  [
    "||dcnews.ro/sm-",
    [
      560824
    ]
  ],
  [
    "||elpais.com.uy/utms.js",
    [
      560825
    ]
  ],
  [
    "||flashscore.fr^*/build/notifications.",
    [
      560826
    ]
  ],
  [
    "||futura-sciences.com/clientscript/push.js",
    [
      560827
    ]
  ],
  [
    "||horoscope.fr/notifications/",
    [
      560828
    ]
  ],
  [
    "||metrobilbao.eus/firebase-messaging-sw.js",
    [
      560829
    ]
  ],
  [
    "||push.idowa.de^",
    [
      560830
    ]
  ],
  [
    "||push.neko-san.fr^",
    [
      560831
    ]
  ],
  [
    "||pushme.magellanotech.it^",
    [
      560832
    ]
  ],
  [
    "||tio.ch/js/api.push.js",
    [
      560833
    ]
  ],
  [
    "||tutto.tv/wp-content/plugins/plugin-notifiche-",
    [
      560834
    ]
  ],
  [
    "||uchubiz.com/wp-content/themes/uchubiz/assets/js/push.js",
    [
      560835
    ]
  ],
  [
    "||winnipegfreepress.com/firebase-messaging-sw.js",
    [
      560836
    ]
  ],
  [
    "||static.chrono24.com/lib/generated/js/app-hint-layer.",
    [
      560837
    ]
  ],
  [
    "||tapcart.com/mobile-download-banner/banner-min.js",
    [
      560838
    ]
  ],
  [
    "@@||bostonherald.com^*/webpush.js$script,~third-party",
    [
      560839
    ]
  ],
  [
    "@@||braze.com/api/$domain=deezer.com",
    [
      560840
    ]
  ],
  [
    "@@||forums.opera.com/assets/src/modules/notifications.js$~third-party",
    [
      560841
    ]
  ],
  [
    "@@||inevent.com/js/wizard/pushNotification.js$script,~third-party",
    [
      560842
    ]
  ],
  [
    "@@||learner.mycreds.ca/assets/js/modules/notifications.min.js$~third-party",
    [
      560843
    ]
  ],
  [
    "@@||ledevoir.com/js/web-push.js$script,~third-party",
    [
      560844
    ]
  ],
  [
    "@@||oakley.com^*/notifications.js$~third-party",
    [
      560845
    ]
  ],
  [
    "@@||paste.crdroid.net/assets/js/modules/notifications.js$script,~third-party",
    [
      560846
    ]
  ],
  [
    "@@||snrcdn.net/sdk/3.0/synerise-javascript-sdk.min.js$domain=komputronik.pl",
    [
      560847
    ]
  ],
  [
    "@@||st.mycdn.me/static/*/WebPush.js$script,domain=ok.ru",
    [
      560848
    ]
  ],
  [
    "@@||webpush.jp/js/browserpushv3.js$domain=zakzak.co.jp",
    [
      560849
    ]
  ],
  [
    "@@||anadolu.edu.tr/assets/js/jquery.smartbanner.js$~third-party",
    [
      560850
    ]
  ],
  [
    "@@||assure.ameli.fr^*/smart-app-banner.js$~third-party",
    [
      560851
    ]
  ],
  [
    "@@||mafia.ua/js/jquery.smartbanner.js$script,~third-party",
    [
      560852
    ]
  ],
  [
    "@@||mirage.ru/js/jquery.smartbanner.js$script,~third-party",
    [
      560853
    ]
  ]
]