[
  [
    "sleeknotestaticcontent.sleeknote.com",
    [
      1110178
    ]
  ],
  [
    "||js.driftt.com/include$script",
    [
      1110179
    ]
  ],
  [
    "||assets.ubembed.com/universal$script",
    [
      1110180
    ]
  ],
  [
    "||lightboxcdn.com/vendor$script",
    [
      1110181
    ]
  ],
  [
    "||mailocator.net/_/$script",
    [
      1110182
    ]
  ],
  [
    "cdn1.pdmntn.com",
    [
      1110183
    ]
  ],
  [
    "||static.mailerlite.com/js$script",
    [
      1110184
    ]
  ],
  [
    "||pmdstatic.net/bundle.php$script",
    [
      1110185
    ]
  ],
  [
    "||front.optimonk.com/public/$script",
    [
      1110186
    ]
  ],
  [
    "/wp-content/plugins/newsletter-leads",
    [
      1110187
    ]
  ],
  [
    "||downloads.mailchimp.com/js/signup-forms$script",
    [
      1110188
    ]
  ],
  [
    "||conduit.mailchimpapp.com/js/stores$script",
    [
      1110189
    ]
  ],
  [
    "||a.optmnstr.com/app/js/$script",
    [
      1110190
    ]
  ],
  [
    "||getsocial.io/client$script",
    [
      1110191
    ]
  ],
  [
    "||static.ctctcdn.com/js/signup-form-widget$script,domain=~centerforhealthsecurity.org",
    [
      1110192
    ]
  ],
  [
    "||cdn.justuno.com/mwgt$script",
    [
      1110193
    ]
  ],
  [
    "||a.mailmunch.co/app/$script",
    [
      1110194
    ]
  ],
  [
    "/newsletterPopup.js",
    [
      1110195
    ]
  ],
  [
    "/pmgnews/overlay/newsletter",
    [
      1110196
    ]
  ],
  [
    "||dotmailer-surveys.com/scripts/survey.js$script",
    [
      1110197
    ]
  ],
  [
    "||yieldify.com/yieldify/code.js$script",
    [
      1110198
    ]
  ],
  [
    "||widget.privy.com/assets/widget.js$script",
    [
      1110199
    ]
  ],
  [
    "sumo.b-cdn.net",
    [
      1110200
    ]
  ],
  [
    "||connect.nosto.com/include$script",
    [
      1110201
    ]
  ],
  [
    "||chimpstatic.com/mcjs-connected/js/users$script",
    [
      1110202
    ]
  ],
  [
    "||assets.pcrl.co/js/$script",
    [
      1110203
    ]
  ],
  [
    "/wp-content/plugins/email-subscribers/widget/es-widget-page.js",
    [
      1110204
    ]
  ],
  [
    "||youlead.pl/Scripts/Dynamic.js$script",
    [
      1110205
    ]
  ],
  [
    "||m8.mailplus.nl/genericservice$script",
    [
      1110206
    ]
  ],
  [
    "||restapi.mailplus.nl/integrationservice$script",
    [
      1110207
    ]
  ],
  [
    "||snrcdn.net/sdk/$script",
    [
      1110208
    ]
  ],
  [
    "||cdn.dynamicyield.com/api$script,domain=~haix.de|~bancofalabella.cl",
    [
      1110209
    ]
  ],
  [
    "||static.newsletter2go.com/utils.js$script",
    [
      1110210
    ]
  ],
  [
    "/widget/ecNewsletterPopup/*",
    [
      1110211
    ]
  ],
  [
    "||a.optmstr.com/app/js/$script",
    [
      1110212
    ]
  ],
  [
    "||api.autopilothq.com/anywhere/$script",
    [
      1110213
    ]
  ],
  [
    "||c.salecycle.com/osr/config$script",
    [
      1110214
    ]
  ],
  [
    "/wp-content/plugins/thrive-leads/*$domain=~itnator.net",
    [
      1110215
    ]
  ],
  [
    "/wp-content/plugins/bloom/*",
    [
      1110216
    ]
  ],
  [
    "||js.hsleadflows.net/leadflows.js$script",
    [
      1110217
    ]
  ],
  [
    "/clientlib-newsletter.js",
    [
      1110218
    ]
  ],
  [
    "||c.lytics.io/static/pathfora$script",
    [
      1110219
    ]
  ],
  [
    "email-signup-form-popup.js",
    [
      1110220
    ]
  ],
  [
    "||netpeak.cloud/source/js$script",
    [
      1110221
    ]
  ],
  [
    "||bunting.com/call$script",
    [
      1110222
    ]
  ],
  [
    "||cdn.connectif.cloud/cl1/client-script/$script",
    [
      1110223
    ]
  ],
  [
    "/essb-optin-booster.js",
    [
      1110224
    ]
  ],
  [
    "f.convertkit.com",
    [
      1110225
    ]
  ],
  [
    "api.morningcatch.net",
    [
      1110226
    ]
  ],
  [
    "||shopify.privy.com/widget.js$script",
    [
      1110227
    ]
  ],
  [
    "load.sumo.com",
    [
      1110228
    ]
  ],
  [
    "||cdn.listrakbi.com/scripts/script.js$script",
    [
      1110229
    ]
  ],
  [
    "/wp-content/plugins/dreamgrow-scroll-triggered-box/*",
    [
      1110230
    ]
  ],
  [
    "||d3bo67muzbfgtl.cloudfront.net/edrone$script",
    [
      1110231
    ]
  ],
  [
    "/newsletter_modals.min.",
    [
      1110232
    ]
  ],
  [
    "my.hellobar.com",
    [
      1110233
    ]
  ],
  [
    "||screenpopper.com/s-hub$script",
    [
      1110234
    ]
  ],
  [
    "||static.scarabresearch.com/wpjs$script",
    [
      1110235
    ]
  ],
  [
    "||cdn.swellrewards.com/loader$script",
    [
      1110236
    ]
  ],
  [
    "||lifterpopup.com/js/modal.js$script",
    [
      1110237
    ]
  ],
  [
    "||lpages.co/leadbox$script",
    [
      1110238
    ]
  ],
  [
    "||cdn.crall.io/t/client.js$script",
    [
      1110239
    ]
  ],
  [
    "||a.opmnstr.com/app/js/$script",
    [
      1110240
    ]
  ],
  [
    "||app2.salesmanago.pl/dynamic$script",
    [
      1110241
    ]
  ],
  [
    "||se.monetate.net/js/$script",
    [
      1110242
    ]
  ],
  [
    "||cdn.blueconic.net/hearst.js$script",
    [
      1110243
    ]
  ],
  [
    "/js/website/modal-newsletter~rc-module-newsletter",
    [
      1110244
    ]
  ],
  [
    "||cdn.omniconvert.com/js$script",
    [
      1110245
    ]
  ],
  [
    "||cdn.omniconvert.com/async/js$script",
    [
      1110246
    ]
  ],
  [
    "/frosmo.easy.js",
    [
      1110247
    ]
  ],
  [
    "||static-sb.com/js/sb-tracker.js$script",
    [
      1110248
    ]
  ],
  [
    "||mailmojo.no/sdk.js$script",
    [
      1110249
    ]
  ],
  [
    "/wp-content/popupally-pro-scripts",
    [
      1110250
    ]
  ],
  [
    "||media-inea.ipresso.pl/monitoridentification$script",
    [
      1110251
    ]
  ],
  [
    "/wp-content/plugins/mailoptin/*",
    [
      1110252
    ]
  ],
  [
    "||a.optnmnstr.com/app/js/$script",
    [
      1110253
    ]
  ],
  [
    "||static.popmechanic.ru/service/loader.js$script",
    [
      1110254
    ]
  ],
  [
    "static.zotabox.com",
    [
      1110255
    ]
  ],
  [
    "||marketbeat.com/scripts/modal/affiliatepopup.js$script",
    [
      1110256
    ]
  ],
  [
    "||widget.pico.tools/static/js/bundle.js$script",
    [
      1110257
    ]
  ],
  [
    "||powr.io/powr.js$script",
    [
      1110258
    ]
  ],
  [
    "/wp-content/plugins/layered-popups/*",
    [
      1110259
    ]
  ],
  [
    "/wp-content/plugins/mailchimp-for-wp/*",
    [
      1110260
    ]
  ],
  [
    "||bounceexchange.com/tag$script",
    [
      1110261
    ]
  ],
  [
    "tag.bounceexchange.com",
    [
      1110262
    ]
  ],
  [
    "||leadpages.net/leadboxes/current$script",
    [
      1110263
    ]
  ],
  [
    "||flodesk.com/universal$script",
    [
      1110264
    ]
  ],
  [
    "||activehosted.com/f/embed.php$script,domain=~renegade.global",
    [
      1110265
    ]
  ],
  [
    "/wp-content/plugins/99robots-optin-fire/*",
    [
      1110266
    ]
  ],
  [
    "||getresponse.com/view_webform$script",
    [
      1110267
    ]
  ],
  [
    "/gr-popups$script",
    [
      1110268
    ]
  ],
  [
    "||get.exitintel.com/load.js$script",
    [
      1110269
    ]
  ],
  [
    "/popup-by-supsystic/*",
    [
      1110270
    ]
  ],
  [
    "||cdn.jst.ai/mwgt$script",
    [
      1110271
    ]
  ],
  [
    "||milotree.com/container$script",
    [
      1110272
    ]
  ],
  [
    "/zaius-min.js",
    [
      1110273
    ]
  ],
  [
    "/wp-content/plugins/convertplug/*",
    [
      1110274
    ]
  ],
  [
    "/wp-content/plugins/optin-monster/*",
    [
      1110275
    ]
  ],
  [
    ".wisepops.com/get-loader.js",
    [
      1110276
    ]
  ],
  [
    "api.exponea.com",
    [
      1110277
    ]
  ],
  [
    "/ouibounce.min.js",
    [
      1110278
    ]
  ],
  [
    "||bluecore.com/triggermail$script",
    [
      1110279
    ]
  ],
  [
    "||cloudiq.com/tag$script",
    [
      1110280
    ]
  ],
  [
    "||leadpages.net/leadbars/current/embed.js$script",
    [
      1110281
    ]
  ],
  [
    "||s.sloyalty.com/site_media$script",
    [
      1110282
    ]
  ],
  [
    "||klaviyo.com/onsite/js/vendors~signupForms$script",
    [
      1110283
    ]
  ],
  [
    "/vidstore-popups/assets/public/js/newsletter.min.js",
    [
      1110284
    ]
  ],
  [
    "||app-abd.marketo.com/js$script",
    [
      1110285
    ]
  ],
  [
    "||omappapi.com/app$script",
    [
      1110286
    ]
  ],
  [
    "tag.getdrip.com",
    [
      1110287
    ]
  ],
  [
    "||zoho.com/js/optin$script",
    [
      1110288
    ]
  ],
  [
    "/entries?content_type=staticContentBlock&fields.id=email-capture",
    [
      1110289
    ]
  ],
  [
    "||cloud-iq.com/cartrecovery/store.js$script",
    [
      1110290
    ]
  ],
  [
    "/axnewsletter.js",
    [
      1110291
    ]
  ],
  [
    "/wp-content/plugins/popupally",
    [
      1110292
    ]
  ],
  [
    "api.omappapi.com",
    [
      1110293
    ]
  ],
  [
    "/email-capture/email-capture-",
    [
      1110294
    ]
  ],
  [
    "||californiatimes.com/newsletter-campaign-manager$script",
    [
      1110295
    ]
  ],
  [
    "||quitsnap-blue.com/js/os_engine.js$script",
    [
      1110296
    ]
  ],
  [
    "/wp-content/plugins/convertpro/*",
    [
      1110297
    ]
  ],
  [
    "/wp-content/plugins/optin-revolution/*",
    [
      1110298
    ]
  ],
  [
    "||addthis.com/js/300/addthis_widget.js$script",
    [
      1110299
    ]
  ],
  [
    "api-cis.exponea.com",
    [
      1110300
    ]
  ],
  [
    "||api.traq.li/public/sdk$script",
    [
      1110301
    ]
  ],
  [
    "tracking.retargeting.biz",
    [
      1110302
    ]
  ],
  [
    "ping.contactpigeon.com",
    [
      1110303
    ]
  ],
  [
    "/newsletter-invite.js",
    [
      1110304
    ]
  ],
  [
    "/Action-Subscribe-2019.js",
    [
      1110305
    ]
  ],
  [
    "||convertbox.com/convertbox$script",
    [
      1110306
    ]
  ],
  [
    "||birdsend.co/assets/static/js/pixel/main.js$script",
    [
      1110307
    ]
  ],
  [
    "||hd.koloo.net/oo.js$script",
    [
      1110308
    ]
  ],
  [
    "||receiptful.com/scripts/shopify.js$script",
    [
      1110309
    ]
  ],
  [
    "t2.netsalesmedia.pl",
    [
      1110310
    ]
  ],
  [
    "content.govdelivery.com",
    [
      1110311
    ]
  ],
  [
    "api.pushnami.com",
    [
      1110312
    ]
  ],
  [
    "/js/deploy/syndicated-newsletter",
    [
      1110313
    ]
  ],
  [
    "||klaviyo.com/onsite/js/signup_forms$script,domain=~ufpro.com|~worldwidestereo.com|~salada.com",
    [
      1110314
    ]
  ],
  [
    "popup.popupsmart.com",
    [
      1110315
    ]
  ],
  [
    "/mol-fe-newsletter-popup/*",
    [
      1110316
    ]
  ],
  [
    "cdn.popt.in",
    [
      1110317
    ]
  ],
  [
    "||data.whizeo.com/widgets$script",
    [
      1110318
    ]
  ],
  [
    "||securedvisit.com/js/sv.js$script",
    [
      1110319
    ]
  ],
  [
    "||dev.visualwebsiteoptimizer.com/j.php$script",
    [
      1110320
    ]
  ],
  [
    "||convertkitqa.com/ckjs$script",
    [
      1110321
    ]
  ],
  [
    "||bounceexchange.com/assets/smart-tag$script",
    [
      1110322
    ]
  ],
  [
    "||adoric-om.com/adoric.js$script",
    [
      1110323
    ]
  ],
  [
    "/wp-content/plugins/woo-coupon-box/*",
    [
      1110324
    ]
  ],
  [
    "forms.convertkit.com",
    [
      1110325
    ]
  ],
  [
    "||convertkit.com/assets^$third-party",
    [
      1110326
    ]
  ],
  [
    "||sdks.automizely.com/conversions$script",
    [
      1110327
    ]
  ],
  [
    "cdn.attn.tv",
    [
      1110328
    ]
  ],
  [
    "||cdn.threadloom.com/ga$script",
    [
      1110329
    ]
  ],
  [
    "/js/website/modal-newsletter",
    [
      1110330
    ]
  ],
  [
    "/exponea.min.js",
    [
      1110331
    ]
  ],
  [
    "||newell.evergage.com/beacon$script",
    [
      1110332
    ]
  ],
  [
    "/evergage.min.js",
    [
      1110333
    ]
  ],
  [
    "/klaviyo_subscribe.js",
    [
      1110334
    ]
  ],
  [
    "||mailcampaigns.nl/interface/popup$script",
    [
      1110335
    ]
  ],
  [
    "/next-gen/dist/NewsletterPopup",
    [
      1110336
    ]
  ],
  [
    "forms.smsbump.com",
    [
      1110337
    ]
  ],
  [
    "/mod_motivatingcoupon/facebox/*",
    [
      1110338
    ]
  ],
  [
    "||static.redeal.se/widget/js/redeal.js$script",
    [
      1110339
    ]
  ],
  [
    "||cdn.optinly.net$third-party",
    [
      1110340
    ]
  ],
  [
    "/rg_smartpopup/*",
    [
      1110341
    ]
  ],
  [
    "/alert/email_subscribe/*",
    [
      1110342
    ]
  ],
  [
    "/arengu-newsletter.js",
    [
      1110343
    ]
  ],
  [
    "/popup-newsletter-$script",
    [
      1110344
    ]
  ],
  [
    "||assets.mailerlite.com^$script",
    [
      1110345
    ]
  ],
  [
    "/ps_emailsubscription.js",
    [
      1110346
    ]
  ],
  [
    "||embedded.wishpondpages.com$third-party,subdocument",
    [
      1110347
    ]
  ],
  [
    "/hs-web-interactive-$third-party,subdocument",
    [
      1110348
    ]
  ],
  [
    "/ht_newsletterpopup",
    [
      1110349
    ]
  ],
  [
    "/avada-popup.min.js",
    [
      1110350
    ]
  ],
  [
    "||connectif.cloud^$third-party",
    [
      1110351
    ]
  ],
  [
    "||tr.vitals.co^$third-party",
    [
      1110352
    ]
  ],
  [
    "||optimove.net^$third-party",
    [
      1110353
    ]
  ],
  [
    "||sail-horizon.com^$third-party",
    [
      1110354
    ]
  ],
  [
    "/assets/section-mailing-popup.",
    [
      1110355
    ]
  ],
  [
    "NotificationDisclaimerControl.js$domain=vontobel.com",
    [
      1110356
    ]
  ],
  [
    "list-builder.js$domain=wanderlust.co.uk",
    [
      1110357
    ]
  ],
  [
    "/amd_modules/newsletter-hover$domain=webmd.com",
    [
      1110358
    ]
  ],
  [
    "/politica-privacidade/lightbox$domain=toysrus.pt",
    [
      1110359
    ]
  ],
  [
    "/opentag-$domain=jet2.com",
    [
      1110360
    ]
  ],
  [
    "global-lightbox.js$domain=drschollsshoes.com",
    [
      1110361
    ]
  ],
  [
    "/wpp-popup-frontend.js$domain=globalvoices.org",
    [
      1110362
    ]
  ],
  [
    "/email.js$domain=tp-link.com",
    [
      1110363
    ]
  ],
  [
    "||ibt-mail.com/view_webform$script,domain=ibtimes.com",
    [
      1110364
    ]
  ],
  [
    "/lightboxform.js$domain=tips.net",
    [
      1110365
    ]
  ],
  [
    "/esm.js$domain=yamahamotorsports.com",
    [
      1110366
    ]
  ],
  [
    "/aiosp-jsonp.js$domain=kleren.com",
    [
      1110367
    ]
  ],
  [
    "/vol-modal/*$domain=thepaintstore.com",
    [
      1110368
    ]
  ],
  [
    "||imimg.com/js/reqForms.min.js$script,domain=indiamart.com",
    [
      1110369
    ]
  ],
  [
    "try.abtasty.com$domain=leparisien.fr",
    [
      1110370
    ]
  ],
  [
    "/Action-Subscribe$domain=naturalnews.com",
    [
      1110371
    ]
  ],
  [
    "/sharing/popover.js$domain=mymemory.co.uk",
    [
      1110372
    ]
  ],
  [
    "/popup/tsr$domain=superyachtnews.com",
    [
      1110373
    ]
  ],
  [
    "/simpleSignupManager.chunk.js$domain=manning.com",
    [
      1110374
    ]
  ],
  [
    "cdn-promote.weebly.com$domain=weebly.com",
    [
      1110375
    ]
  ],
  [
    "/acquisition-tag.js$domain=latribune.fr",
    [
      1110376
    ]
  ],
  [
    "/pharmapopin/*$domain=pharmasimple.com",
    [
      1110377
    ]
  ],
  [
    "/crm.js$domain=fujifilm-x.com",
    [
      1110378
    ]
  ],
  [
    "/sven_daspopup/*$domain=adler-farbenmeister.com",
    [
      1110379
    ]
  ],
  [
    "/PopupNewsletter/GetLayer$domain=yoox.com",
    [
      1110380
    ]
  ],
  [
    "/emailcollection/*$domain=motorsport.com",
    [
      1110381
    ]
  ],
  [
    "/popoverv2.js*$domain=britishcornershop.co.uk",
    [
      1110382
    ]
  ],
  [
    "/fp-web-flyout-widget.min.js^$domain=getfirepush.com",
    [
      1110383
    ]
  ],
  [
    "/tingle.$domain=arcade1up.com",
    [
      1110384
    ]
  ],
  [
    "||tinypass.com/api/tinypass.min.js^$domain=technologyreview.com",
    [
      1110385
    ]
  ],
  [
    "/SysConsentComponent.js$domain=netpeak.net",
    [
      1110386
    ]
  ],
  [
    "||cdn.p-n.io/pushly$script",
    [
      1110387
    ]
  ],
  [
    "||app3.emlgrid.com/static/sm.js$script",
    [
      1110388
    ]
  ],
  [
    "webpush-desktop.chunk.js",
    [
      1110389
    ]
  ],
  [
    "||push4site.com/Static/Script/$script",
    [
      1110390
    ]
  ],
  [
    "cdn.ghostmonitor.com",
    [
      1110391
    ]
  ],
  [
    "notify.hindustantimes.com",
    [
      1110392
    ]
  ],
  [
    "webpush.interia.pl",
    [
      1110393
    ]
  ],
  [
    ".izooto.com/scripts",
    [
      1110394
    ]
  ],
  [
    "js.pusher.com$domain=~itv.com|~lickd.co|~foliohd.com",
    [
      1110395
    ]
  ],
  [
    "||push-ad.com/integration.php$script",
    [
      1110396
    ]
  ],
  [
    "||cdn.pushassist.com/account/assets/$script",
    [
      1110397
    ]
  ],
  [
    "||gadgets.ndtv.com/static/desktop/js/notification_popup-min.js$script",
    [
      1110398
    ]
  ],
  [
    "pusherism.com",
    [
      1110399
    ]
  ],
  [
    "pushnest.com",
    [
      1110400
    ]
  ],
  [
    "||getpushmonkey.com/sdk/config$script",
    [
      1110401
    ]
  ],
  [
    "||cdn.onesignal.com/sdks$script",
    [
      1110402
    ]
  ],
  [
    "||pushpushgo.com/js$script",
    [
      1110403
    ]
  ],
  [
    "cdn.sendpulse.com$domain=~movie4k.eu",
    [
      1110404
    ]
  ],
  [
    "||salesmanago.pl/static/sm.js$script",
    [
      1110405
    ]
  ],
  [
    "cdn.pushcrew.com",
    [
      1110406
    ]
  ],
  [
    "/streamlined-push-plugin.production.min.js",
    [
      1110407
    ]
  ],
  [
    "app.push-ad.com",
    [
      1110408
    ]
  ],
  [
    "/pushnotification/service-worker-script.js",
    [
      1110409
    ]
  ],
  [
    "/sp-push-worker.js",
    [
      1110410
    ]
  ],
  [
    "95p5qep4aq.com",
    [
      1110411
    ]
  ],
  [
    "||snrcdn.net/sdk/$script",
    [
      1110412
    ]
  ],
  [
    "via.batch.com",
    [
      1110413
    ]
  ],
  [
    "||wonderpush.com/sdk/$script",
    [
      1110414
    ]
  ],
  [
    "clientcdn.pushengage.com",
    [
      1110415
    ]
  ],
  [
    "||web-sdk.urbanairship.com/notify/$script",
    [
      1110416
    ]
  ],
  [
    "api.sociaplus.com",
    [
      1110417
    ]
  ],
  [
    "/plugins/tmx-push/*",
    [
      1110418
    ]
  ],
  [
    "/firebase-messaging.js$domain=~dn.pt|~jn.pt",
    [
      1110419
    ]
  ],
  [
    "pushno.com",
    [
      1110420
    ]
  ],
  [
    "pushwhy.com",
    [
      1110421
    ]
  ],
  [
    "pushame.com",
    [
      1110422
    ]
  ],
  [
    "||voirfilms.ws/sw.js$script",
    [
      1110423
    ]
  ],
  [
    "||siteswithcontent.com/js/push$script",
    [
      1110424
    ]
  ],
  [
    "||cdn.moengage.com/webpush$script",
    [
      1110425
    ]
  ],
  [
    "||brandflow.net/static/general/push-init-code.js$script",
    [
      1110426
    ]
  ],
  [
    "||cleverpush.com/channel/loader$script",
    [
      1110427
    ]
  ],
  [
    "||static.getback.ch/clients$script",
    [
      1110428
    ]
  ],
  [
    "/PushNotifications.",
    [
      1110429
    ]
  ],
  [
    "cdn.pushowl.com",
    [
      1110430
    ]
  ],
  [
    "||accengage.net/pushweb/$script",
    [
      1110431
    ]
  ],
  [
    "||cdn.foxpush.net/sdk/foxpush_SDK$script",
    [
      1110432
    ]
  ],
  [
    "||js.appboycdn.com/web-sdk/$script",
    [
      1110433
    ]
  ],
  [
    "||cdn.taboola.com/libtrc/tmg-network/loader.js$script",
    [
      1110434
    ]
  ],
  [
    "/js/push_subscription.js",
    [
      1110435
    ]
  ],
  [
    "||pushwoosh.com/webpush$script",
    [
      1110436
    ]
  ],
  [
    "push_service-worker.js",
    [
      1110437
    ]
  ],
  [
    "0_ghpush_client.js",
    [
      1110438
    ]
  ],
  [
    "||pastoupt.com/ntfc.php$script",
    [
      1110439
    ]
  ],
  [
    "||pushsar.com/ntfc.php$script",
    [
      1110440
    ]
  ],
  [
    "sdk.jeeng.com",
    [
      1110441
    ]
  ],
  [
    "||d3bo67muzbfgtl.cloudfront.net/edrone$script",
    [
      1110442
    ]
  ],
  [
    "||admessage.support/system_domain.js$script",
    [
      1110443
    ]
  ],
  [
    "/push/js/sdk/insider-push-native-sdk.js",
    [
      1110444
    ]
  ],
  [
    "pharance.com",
    [
      1110445
    ]
  ],
  [
    "||pushance.com/ntfc.php$script",
    [
      1110446
    ]
  ],
  [
    "||tattepush.com/push.js$script",
    [
      1110447
    ]
  ],
  [
    ".contentsitesrv.com/js/push",
    [
      1110448
    ]
  ],
  [
    "||jattepush.com/push.js$script",
    [
      1110449
    ]
  ],
  [
    "||pushanert.com/ntfc.php$script",
    [
      1110450
    ]
  ],
  [
    "/web-push/init.min.js$domain=~finanzen.ch|~finanzen.net|~finanzen.at",
    [
      1110451
    ]
  ],
  [
    "||aimtell.com/trackpush/trackpush.min.js$script",
    [
      1110452
    ]
  ],
  [
    "||hmcfront.akamaized.net/hd/extra/assets/www/notification.$script",
    [
      1110453
    ]
  ],
  [
    "/webpush.js",
    [
      1110454
    ]
  ],
  [
    "||youlead.pl/ylwebpush.js$script",
    [
      1110455
    ]
  ],
  [
    "push.delivery.ethinking.de",
    [
      1110456
    ]
  ],
  [
    "/web-push.js",
    [
      1110457
    ]
  ],
  [
    "||freeclick.me/?pu=$script",
    [
      1110458
    ]
  ],
  [
    "||cdn.pushalert.co/integrate$script",
    [
      1110459
    ]
  ],
  [
    "||cdn.gravitec.net/storage$script",
    [
      1110460
    ]
  ],
  [
    ".izooto.com/optin",
    [
      1110461
    ]
  ],
  [
    "cdn.qgraph.io",
    [
      1110462
    ]
  ],
  [
    "sw.wpush.org",
    [
      1110463
    ]
  ],
  [
    "||cdn.pn.vg/c/ig/pushnews.min.js$script",
    [
      1110464
    ]
  ],
  [
    "||subscribers.com/assets/subscribers.js$script",
    [
      1110465
    ]
  ],
  [
    "/webpush-loader.js",
    [
      1110466
    ]
  ],
  [
    "app.wigzo.com",
    [
      1110467
    ]
  ],
  [
    "app.getbeamer.com",
    [
      1110468
    ]
  ],
  [
    "api.signalize.com",
    [
      1110469
    ]
  ],
  [
    "cdn.letreach.com",
    [
      1110470
    ]
  ],
  [
    "gg.faromen.online",
    [
      1110471
    ]
  ],
  [
    "/js/webpushr.app",
    [
      1110472
    ]
  ],
  [
    "||pushwoosh.com/json$script",
    [
      1110473
    ]
  ],
  [
    "||pushpushgo.com/scripts$script",
    [
      1110474
    ]
  ],
  [
    "||hrbpark.bid/pushJs$script",
    [
      1110475
    ]
  ],
  [
    "||webpushs.com/js/push$script",
    [
      1110476
    ]
  ],
  [
    "wwopenclick.space",
    [
      1110477
    ]
  ],
  [
    "iss.shopimind.com",
    [
      1110478
    ]
  ],
  [
    "||cdn.pn.vg/push$script",
    [
      1110479
    ]
  ],
  [
    "/webpush-production.js",
    [
      1110480
    ]
  ],
  [
    "cdn.notifyvisitors.com",
    [
      1110481
    ]
  ],
  [
    "||cdn.webpushr.com/app$script",
    [
      1110482
    ]
  ],
  [
    "t2.netsalesmedia.pl",
    [
      1110483
    ]
  ],
  [
    "api.pushnami.com",
    [
      1110484
    ]
  ],
  [
    "/OneSignalSDK",
    [
      1110485
    ]
  ],
  [
    "||aswpsdkus.com/notify$script",
    [
      1110486
    ]
  ],
  [
    "/web-push-notification.js",
    [
      1110487
    ]
  ],
  [
    "/nano-webpush-ui",
    [
      1110488
    ]
  ],
  [
    "cdn.pushmaster-cdn.xyz",
    [
      1110489
    ]
  ],
  [
    "cdn.netmera-web.com",
    [
      1110490
    ]
  ],
  [
    "/smio-push-notification/*",
    [
      1110491
    ]
  ],
  [
    "/BildirtSDKfiles.js",
    [
      1110492
    ]
  ],
  [
    "cdn.onepush.app",
    [
      1110493
    ]
  ],
  [
    "||truepush.com/sdk$script",
    [
      1110494
    ]
  ],
  [
    "||assets.emarsys.net/web-emarsys-sdk/*$script",
    [
      1110495
    ]
  ],
  [
    "||notifpush.com/scripts$script",
    [
      1110496
    ]
  ],
  [
    "||js.smct.io/*/notifications*$script",
    [
      1110497
    ]
  ],
  [
    "push/push*$script",
    [
      1110498
    ]
  ],
  [
    "||pushwoosh.com^",
    [
      1110499
    ]
  ],
  [
    "/pushnotifications^",
    [
      1110500
    ]
  ],
  [
    "||sendsay.ru/backend/push/*",
    [
      1110501
    ]
  ],
  [
    "/social_push_notifications/*",
    [
      1110502
    ]
  ],
  [
    "||pushpanda.io^$third-party",
    [
      1110503
    ]
  ],
  [
    "||potisni.me/js/enable-push.js$third-party",
    [
      1110504
    ]
  ],
  [
    "/_pushAllow.js",
    [
      1110505
    ]
  ],
  [
    "/clevertap.min.js",
    [
      1110506
    ]
  ],
  [
    "plugins/tfnotifier-wp/*",
    [
      1110507
    ]
  ],
  [
    "messaging/webpush*",
    [
      1110508
    ]
  ],
  [
    "/service-webpush-firebase.js",
    [
      1110509
    ]
  ],
  [
    "/js/push.js",
    [
      1110510
    ]
  ],
  [
    "/notification.*.js$domain=~qudosbank.com.au",
    [
      1110511
    ]
  ],
  [
    "||notix.io^$third-party",
    [
      1110512
    ]
  ],
  [
    "||pushouse.com^$third-party",
    [
      1110513
    ]
  ],
  [
    "||yottlyscript.com/push/*",
    [
      1110514
    ]
  ],
  [
    "/wzrk_dialog.min.js",
    [
      1110515
    ]
  ],
  [
    "||gr-cdn-e.eu/*/push-notification^$script",
    [
      1110516
    ]
  ],
  [
    "||dengage.com^$third-party",
    [
      1110517
    ]
  ],
  [
    "/sw.js$domain=pinterest.com",
    [
      1110518
    ]
  ],
  [
    "/public/spartanien/js/sw_handler$domain=spartanien.de",
    [
      1110519
    ]
  ],
  [
    "/pushes/notification.js$domain=rt.com",
    [
      1110520
    ]
  ],
  [
    "/js/subscriber$domain=mitula.pt",
    [
      1110521
    ]
  ],
  [
    "/firebase.js$domain=alibaba.com",
    [
      1110522
    ]
  ],
  [
    "/sw.js$domain=1337x.is",
    [
      1110523
    ]
  ],
  [
    "/sw.js$domain=1337x.to",
    [
      1110524
    ]
  ],
  [
    "push-main.js$domain=ndtv.com",
    [
      1110525
    ]
  ],
  [
    "/js/adNotice.js$domain=hardwarezone.com.sg",
    [
      1110526
    ]
  ],
  [
    "/push/*$domain=tut.by",
    [
      1110527
    ]
  ],
  [
    "/firebase.min.js$domain=azoresgetaways.com",
    [
      1110528
    ]
  ],
  [
    "/firebase.js$domain=tribunavalladolid.com",
    [
      1110529
    ]
  ],
  [
    "client-.js$domain=hoerbuch.us",
    [
      1110530
    ]
  ],
  [
    "/js/a.js$domain=allevents.in",
    [
      1110531
    ]
  ],
  [
    "notifi.min.js$domain=antyradio.pl",
    [
      1110532
    ]
  ],
  [
    "/app.js$domain=lightinthebox.com",
    [
      1110533
    ]
  ],
  [
    "/min/js/sw/*$domain=sputniknews.com",
    [
      1110534
    ]
  ],
  [
    "/clientt.js$domain=cript.to",
    [
      1110535
    ]
  ],
  [
    "wsNotification.js$domain=wondershare.com",
    [
      1110536
    ]
  ],
  [
    "||tags.tiqcdn.com/utag$script,domain=national-lottery.co.uk",
    [
      1110537
    ]
  ],
  [
    "/notification-topics.js^$domain=winnipegfreepress.com",
    [
      1110538
    ]
  ],
  [
    "nebula-cdn.kampyle.com",
    [
      1110539
    ]
  ],
  [
    "||turbo.qualaroo.com/c.js$script",
    [
      1110540
    ]
  ],
  [
    "||scripts.psyma.com/layer_question$script",
    [
      1110541
    ]
  ],
  [
    "w.usabilla.com",
    [
      1110542
    ]
  ],
  [
    "||static.hotjar.com/c/hotjar$script",
    [
      1110543
    ]
  ],
  [
    "||scripts.psyma.com/html/layer/json_question.php$script",
    [
      1110544
    ]
  ],
  [
    "||visualwebsiteoptimizer.com/va_survey$script",
    [
      1110545
    ]
  ],
  [
    "gateway.answerscloud.com",
    [
      1110546
    ]
  ],
  [
    "st.getsitecontrol.com",
    [
      1110547
    ]
  ],
  [
    "||survey.g.doubleclick.net/survey$script",
    [
      1110548
    ]
  ],
  [
    "/opiniac.js",
    [
      1110549
    ]
  ],
  [
    "||ssl.ceneo.pl/shops/$script",
    [
      1110550
    ]
  ],
  [
    "||cloud.netquest.sk/scripts/widget$script",
    [
      1110551
    ]
  ],
  [
    "||storage.googleapis.com/outfox/ocs/surveys/$script",
    [
      1110552
    ]
  ],
  [
    "||kameleoon.eu/kameleoon.js$script",
    [
      1110553
    ]
  ],
  [
    "||invitation.opinionbar.com/wit/popups$script",
    [
      1110554
    ]
  ],
  [
    "||neads.delivery/opinion-seed-embed.js$script",
    [
      1110555
    ]
  ],
  [
    "||collect.mopinion.com/assets/surveys/$script",
    [
      1110556
    ]
  ],
  [
    "/runtimejs/dist/survey/js/survey.js$domain=~alchemer.eu",
    [
      1110557
    ]
  ],
  [
    "||surveygizmobeacon.s3.amazonaws.com/beaconconfigs/$script",
    [
      1110558
    ]
  ],
  [
    "||cpx.smind.hr/Log/LogData$script",
    [
      1110559
    ]
  ],
  [
    "||widget.surveymonkey.com/collect$script,domain=~onboarding.italki.com",
    [
      1110560
    ]
  ],
  [
    "||cdn.feedbackify.com/f.js$script",
    [
      1110561
    ]
  ],
  [
    "||invitation.opinionbar.com/popups$script",
    [
      1110562
    ]
  ],
  [
    "/bundles/Scripts/OpinionLab.js",
    [
      1110563
    ]
  ],
  [
    "||survey.nuggad.net/c/layer-html$script",
    [
      1110564
    ]
  ],
  [
    "||ips-invite.iperceptions.com/invitations$script",
    [
      1110565
    ]
  ],
  [
    "/oo_engine.min.js",
    [
      1110566
    ]
  ],
  [
    "||userzoom.com/feedback$script",
    [
      1110567
    ]
  ],
  [
    "||invite.leanlab.co/invite/invite.js$script",
    [
      1110568
    ]
  ],
  [
    "||userreport.com/newsquest/launcher.js$script",
    [
      1110569
    ]
  ],
  [
    "siteintercept.qualtrics.com",
    [
      1110570
    ]
  ],
  [
    "||sandsiv.com/digi_runner.js?surveyId$script",
    [
      1110571
    ]
  ],
  [
    "||digitalfeedback.euro.confirmit.com/api$script",
    [
      1110572
    ]
  ],
  [
    "||taskanalytics.com/tm.js$script",
    [
      1110573
    ]
  ],
  [
    "popup.designtutkimus.fi",
    [
      1110574
    ]
  ],
  [
    "||guitaretab.com/static/js/hats$script",
    [
      1110575
    ]
  ],
  [
    "/v1/survey_invite.min.js",
    [
      1110576
    ]
  ],
  [
    "||app.alpheid.com/js/marketing_automation$script",
    [
      1110577
    ]
  ],
  [
    "||siteimproveanalytics.com/js/siteanalyze$script",
    [
      1110578
    ]
  ],
  [
    "||cdn.judge.me/shopify_v2.js$script",
    [
      1110579
    ]
  ],
  [
    "||static.yourcx.io/customers$script",
    [
      1110580
    ]
  ],
  [
    "||webankieta.pl/scripts/widget$script",
    [
      1110581
    ]
  ],
  [
    "popin.survey-xact.dk",
    [
      1110582
    ]
  ],
  [
    "||myaudience.de/sv/rifflejs.php$script",
    [
      1110583
    ]
  ],
  [
    "||survey.survicate.com/workspaces$script",
    [
      1110584
    ]
  ],
  [
    "||tryinteract.com/promotions/init.js$script",
    [
      1110585
    ]
  ],
  [
    "||scripts.psyma.com/scripts$script",
    [
      1110586
    ]
  ],
  [
    "||surveygizmo.eu/runtimejs/intercept$script",
    [
      1110587
    ]
  ],
  [
    "widgets.opinary.com",
    [
      1110588
    ]
  ],
  [
    "||uxfeedback.ru/widget.js$script",
    [
      1110589
    ]
  ],
  [
    "||e-satisfaction.com/dist/js/integration$script",
    [
      1110590
    ]
  ],
  [
    "||gateway.foresee.com$third-party",
    [
      1110591
    ]
  ],
  [
    "/vendor/opinionlab/*$domain=lenovo.com",
    [
      1110592
    ]
  ],
  [
    "survey.js$domain=medier24.no",
    [
      1110593
    ]
  ],
  [
    "/components-nps-survey$domain=spanishdict.com",
    [
      1110594
    ]
  ],
  [
    "ExitIntentModal.js$domain=stepstone.de",
    [
      1110595
    ]
  ],
  [
    "/surveys/*$domain=europa.eu",
    [
      1110596
    ]
  ],
  [
    "||visitor.reactful.com/dist/main$script",
    [
      1110597
    ]
  ],
  [
    "/popup/puppy.js$domain=sueddeutsche.de",
    [
      1110598
    ]
  ],
  [
    "||userreport.com/aperitif/launcher.js",
    [
      1110599
    ]
  ],
  [
    "||apps.veedio.it/js/videobox$script",
    [
      1110600
    ]
  ],
  [
    "/responsive-player/video-feature-sticky.js",
    [
      1110601
    ]
  ],
  [
    "||s-pt.ppstatic.pl/p/js/regionalne/plywajace_wideo.js$script",
    [
      1110602
    ]
  ],
  [
    "/js/compiled/atoms/article/sticky-video.js",
    [
      1110603
    ]
  ],
  [
    "||sdk.digitalbees.it/jssdk.js$script",
    [
      1110604
    ]
  ],
  [
    "||live.sekindo.com/live/liveView.php$script",
    [
      1110605
    ]
  ],
  [
    "||c.jsrdn.com/s/cs.js$script",
    [
      1110606
    ]
  ],
  [
    "||playwire.com/plugins/docky.min.js$script",
    [
      1110607
    ]
  ],
  [
    "||cdn.connatix.com/min/connatix.renderer.infeed.min.js$script",
    [
      1110608
    ]
  ],
  [
    "||ultimedia.com/api/widget/smart$script",
    [
      1110609
    ]
  ],
  [
    "||stream.playbuzz.com/embed/sdk.js$script",
    [
      1110610
    ]
  ],
  [
    "||delivery.youplay.se/load.js$script",
    [
      1110611
    ]
  ],
  [
    "embed.sendtonews.com",
    [
      1110612
    ]
  ],
  [
    "/wp-content/plugins/pmc-plugins/pmc-adm/*",
    [
      1110613
    ]
  ],
  [
    "||services.brid.tv/player$script",
    [
      1110614
    ]
  ],
  [
    "||mgid.com/js/wglibs/mgWidget$script",
    [
      1110615
    ]
  ],
  [
    "/stn-player.js$domain=titantv.com",
    [
      1110616
    ]
  ],
  [
    "||vplayer.enthusiastgaming.com/player/build/plugins/slideinview/*",
    [
      1110617
    ]
  ],
  [
    "/mol-adverts-delayed.js$domain=dailymail.co.uk",
    [
      1110618
    ]
  ],
  [
    "/twocol_article_autoplay/*$domain=belfasttelegraph.co.uk",
    [
      1110619
    ]
  ],
  [
    "players.brightcove.net$domain=uproxx.com",
    [
      1110620
    ]
  ],
  [
    "/coronaWidget5/*$domain=ibtimes.sg",
    [
      1110621
    ]
  ]
]